~ ~ ~n~ ~n~ ~ 
~ +S+s+n+s+n~ 
~ ~x~ ~s~ ~s~ 

~ ~ ~ ~ ~n~ ~ 
~ +E+x+n+s+n~ 
~ ~ ~ ~s~ ~s~ 

~ ~ ~ ~ ~ ~n~ 
~ + +E+x+n+s~ 
~ ~ ~ ~ ~s~ ~ 

~ ~ ~ ~ ~ ~ ~ 
~ + + +E+x+n~ 
~ ~ ~ ~ ~ ~s~ 

