~ ~ ~ ~ ~ ~ ~ 
~ + + +n# + ~ 
~ +E+x+s# + ~ 
~ ~ ~ ~ ~ ~ ~ 

~ ~ ~ ~ ~ ~ ~ 
~ + + + #n+ ~ 
~ + +E+x#s+ ~ 
~ ~ ~ ~ ~ ~ ~ 

~ ~ ~ ~ ~ ~ ~ 
~ + + + # +1~ 
~ + + +E#x+3~ 
~ ~ ~ ~ ~ ~ ~ 

