~ ~ ~ ~ ~ ~ ~ 
~ + +n+w+e+x~ 
~ + +s+ + +N~ 
~ ~ ~ ~ ~ ~ ~ 

~ ~ ~ ~ ~ ~ ~ 
~ +n+w+e+ + ~ 
~ +s+ + +x+W~ 
~ ~ ~ ~ ~ ~ ~ 

