~ ~ ~ ~ ~ ~ 
~ + # # +n~ 
~ + # # +s~ 
~ + + + +E~x
~ ~ ~ ~ ~ ~ 

~ ~ ~ ~ ~ ~ 
~ + # #n+ ~ 
~ + # #s+x~ 
~ + + + +N~ 
~ ~ ~ ~ ~ ~ 

Opgelost!

